15:29:52.551742 === lid debug log opened ===
15:29:52.607530 Opening COM1  19200 8E1
15:29:52.609694 Port open OK
15:29:53.114847 TX slave=1 fc=0x03  01 03 00 80 00 02 C5 E3
15:29:53.133934 RX 9 bytes  01 03 04 00 00 00 00 FA 33
15:29:53.135594 TX slave=1 fc=0x03  01 03 00 7F 00 01 B5 D2
15:29:53.153764 RX 7 bytes  01 03 02 4E 08 8C 22
15:29:53.156289 POLL STATUS: 0x4E08  READY=false  MOVE=false  INPOS=true
15:29:53.614723 TX slave=1 fc=0x03  01 03 00 80 00 02 C5 E3
15:29:53.633153 RX 9 bytes  01 03 04 00 00 00 00 FA 33
15:29:53.635668 TX slave=1 fc=0x03  01 03 00 7F 00 01 B5 D2
15:29:53.662243 RX 7 bytes  01 03 02 4E 08 8C 22
15:29:53.664562 POLL STATUS: 0x4E08  READY=false  MOVE=false  INPOS=true
15:29:54.109261 TX slave=1 fc=0x03  01 03 00 7F 00 01 B5 D2
15:29:54.126751 RX 7 bytes  01 03 02 4E 08 8C 22
15:29:54.130238 STATUS: 0x4E08  READY=false  MOVE=false  INPOS=true
15:29:54.130238 TX slave=1 fc=0x03  01 03 00 80 00 02 C5 E3
15:29:54.149837 RX 9 bytes  01 03 04 00 00 00 00 FA 33
15:29:54.151522 TX slave=1 fc=0x03  01 03 00 7F 00 01 B5 D2
15:29:54.168837 RX 7 bytes  01 03 02 4E 08 8C 22
15:29:54.171669 POLL STATUS: 0x4E08  READY=false  MOVE=false  INPOS=true
15:29:54.181869 TX slave=1 fc=0x03  01 03 00 7F 00 01 B5 D2
15:29:54.199932 RX 7 bytes  01 03 02 4E 08 8C 22
15:29:54.201668 STATUS: 0x4E08  READY=false  MOVE=false  INPOS=true
15:29:54.252602 TX slave=1 fc=0x03  01 03 00 7F 00 01 B5 D2
15:29:54.270145 RX 7 bytes  01 03 02 4E 08 8C 22
15:29:54.273557 STATUS: 0x4E08  READY=false  MOVE=false  INPOS=true
15:29:54.325431 TX slave=1 fc=0x03  01 03 00 7F 00 01 B5 D2
15:29:54.343466 RX 7 bytes  01 03 02 4E 08 8C 22
15:29:54.347273 STATUS: 0x4E08  READY=false  MOVE=false  INPOS=true
15:29:54.397804 TX slave=1 fc=0x03  01 03 00 7F 00 01 B5 D2
15:29:54.415332 RX 7 bytes  01 03 02 4E 08 8C 22
15:29:54.417970 STATUS: 0x4E08  READY=false  MOVE=false  INPOS=true
15:29:54.468058 TX slave=1 fc=0x03  01 03 00 7F 00 01 B5 D2
15:29:54.487090 RX 7 bytes  01 03 02 4E 08 8C 22
15:29:54.488992 STATUS: 0x4E08  READY=false  MOVE=false  INPOS=true
15:29:54.539931 TX slave=1 fc=0x03  01 03 00 7F 00 01 B5 D2
15:29:54.557088 RX 7 bytes  01 03 02 4E 08 8C 22
15:29:54.560100 STATUS: 0x4E08  READY=false  MOVE=false  INPOS=true
15:29:54.611061 TX slave=1 fc=0x03  01 03 00 7F 00 01 B5 D2
15:29:54.629215 RX 7 bytes  01 03 02 4E 08 8C 22
15:29:54.632196 STATUS: 0x4E08  READY=false  MOVE=false  INPOS=true
15:29:54.632196 TX slave=1 fc=0x03  01 03 00 80 00 02 C5 E3
15:29:54.651694 RX 9 bytes  01 03 04 00 00 00 00 FA 33
15:29:54.654506 TX slave=1 fc=0x03  01 03 00 7F 00 01 B5 D2
15:29:54.672154 RX 7 bytes  01 03 02 4E 08 8C 22
15:29:54.673778 POLL STATUS: 0x4E08  READY=false  MOVE=false  INPOS=true
15:29:54.683385 TX slave=1 fc=0x03  01 03 00 7F 00 01 B5 D2
15:29:54.700684 RX 7 bytes  01 03 02 4E 08 8C 22
15:29:54.703231 STATUS: 0x4E08  READY=false  MOVE=false  INPOS=true
15:29:54.753543 TX slave=1 fc=0x03  01 03 00 7F 00 01 B5 D2
15:29:54.772437 RX 7 bytes  01 03 02 4E 08 8C 22
15:29:54.774845 STATUS: 0x4E08  READY=false  MOVE=false  INPOS=true
15:29:54.826391 TX slave=1 fc=0x03  01 03 00 7F 00 01 B5 D2
15:29:54.844391 RX 7 bytes  01 03 02 4E 08 8C 22
15:29:54.846615 STATUS: 0x4E08  READY=false  MOVE=false  INPOS=true
15:29:54.897585 TX slave=1 fc=0x03  01 03 00 7F 00 01 B5 D2
15:29:54.915212 RX 7 bytes  01 03 02 4E 08 8C 22
15:29:54.918298 STATUS: 0x4E08  READY=false  MOVE=false  INPOS=true
15:29:54.969240 TX slave=1 fc=0x03  01 03 00 7F 00 01 B5 D2
15:29:54.987051 RX 7 bytes  01 03 02 4E 08 8C 22
15:29:54.988981 STATUS: 0x4E08  READY=false  MOVE=false  INPOS=true
15:29:55.039658 TX slave=1 fc=0x03  01 03 00 7F 00 01 B5 D2
15:29:55.057754 RX 7 bytes  01 03 02 4E 08 8C 22
15:29:55.060231 STATUS: 0x4E08  READY=false  MOVE=false  INPOS=true
15:29:55.111046 TX slave=1 fc=0x03  01 03 00 7F 00 01 B5 D2
15:29:55.128204 RX 7 bytes  01 03 02 4E 08 8C 22
15:29:55.131173 STATUS: 0x4E08  READY=false  MOVE=false  INPOS=true
15:29:55.131173 TX slave=1 fc=0x03  01 03 00 80 00 02 C5 E3
15:29:55.150032 RX 9 bytes  01 03 04 00 00 00 00 FA 33
15:29:55.152377 TX slave=1 fc=0x03  01 03 00 7F 00 01 B5 D2
15:29:55.170699 RX 7 bytes  01 03 02 4E 08 8C 22
15:29:55.172311 POLL STATUS: 0x4E08  READY=false  MOVE=false  INPOS=true
15:29:55.181713 TX slave=1 fc=0x03  01 03 00 7F 00 01 B5 D2
15:29:55.199471 RX 7 bytes  01 03 02 4E 08 8C 22
15:29:55.202155 STATUS: 0x4E08  READY=false  MOVE=false  INPOS=true
15:29:55.252343 TX slave=1 fc=0x03  01 03 00 7F 00 01 B5 D2
15:29:55.270298 RX 7 bytes  01 03 02 4E 08 8C 22
15:29:55.272069 STATUS: 0x4E08  READY=false  MOVE=false  INPOS=true
15:29:55.322584 TX slave=1 fc=0x03  01 03 00 7F 00 01 B5 D2
15:29:55.340598 RX 7 bytes  01 03 02 4E 08 8C 22
15:29:55.342412 STATUS: 0x4E08  READY=false  MOVE=false  INPOS=true
15:29:55.393502 TX slave=1 fc=0x03  01 03 00 7F 00 01 B5 D2
15:29:55.410895 RX 7 bytes  01 03 02 4E 08 8C 22
15:29:55.413381 STATUS: 0x4E08  READY=false  MOVE=false  INPOS=true
15:29:55.463548 TX slave=1 fc=0x03  01 03 00 7F 00 01 B5 D2
15:29:55.481510 RX 7 bytes  01 03 02 4E 08 8C 22
15:29:55.482516 STATUS: 0x4E08  READY=false  MOVE=false  INPOS=true
15:29:55.534220 TX slave=1 fc=0x03  01 03 00 7F 00 01 B5 D2
15:29:55.551307 RX 7 bytes  01 03 02 4E 08 8C 22
15:29:55.553415 STATUS: 0x4E08  READY=false  MOVE=false  INPOS=true
15:29:55.605189 TX slave=1 fc=0x03  01 03 00 7F 00 01 B5 D2
15:29:55.622978 RX 7 bytes  01 03 02 4E 08 8C 22
15:29:55.626511 STATUS: 0x4E08  READY=false  MOVE=false  INPOS=true
15:29:55.626511 TX slave=1 fc=0x03  01 03 00 80 00 02 C5 E3
15:29:55.645459 RX 9 bytes  01 03 04 00 00 00 00 FA 33
15:29:55.648319 TX slave=1 fc=0x03  01 03 00 7F 00 01 B5 D2
15:29:55.665800 RX 7 bytes  01 03 02 4E 08 8C 22
15:29:55.668605 POLL STATUS: 0x4E08  READY=false  MOVE=false  INPOS=true
15:29:55.676993 TX slave=1 fc=0x03  01 03 00 7F 00 01 B5 D2
15:29:55.694991 RX 7 bytes  01 03 02 4E 08 8C 22
15:29:55.696613 STATUS: 0x4E08  READY=false  MOVE=false  INPOS=true
15:29:55.748952 TX slave=1 fc=0x03  01 03 00 7F 00 01 B5 D2
15:29:55.766458 RX 7 bytes  01 03 02 4E 08 8C 22
15:29:55.769909 STATUS: 0x4E08  READY=false  MOVE=false  INPOS=true
15:29:55.821546 TX slave=1 fc=0x03  01 03 00 7F 00 01 B5 D2
15:29:55.839152 RX 7 bytes  01 03 02 4E 08 8C 22
15:29:55.841150 STATUS: 0x4E08  READY=false  MOVE=false  INPOS=true
15:29:55.892874 TX slave=1 fc=0x03  01 03 00 7F 00 01 B5 D2
15:29:55.911143 RX 7 bytes  01 03 02 4E 08 8C 22
15:29:55.912673 STATUS: 0x4E08  READY=false  MOVE=false  INPOS=true
15:29:55.963968 TX slave=1 fc=0x03  01 03 00 7F 00 01 B5 D2
15:29:55.981887 RX 7 bytes  01 03 02 4E 08 8C 22
15:29:55.983571 STATUS: 0x4E08  READY=false  MOVE=false  INPOS=true
15:29:56.033626 TX slave=1 fc=0x03  01 03 00 7F 00 01 B5 D2
15:29:56.052508 RX 7 bytes  01 03 02 4E 08 8C 22
15:29:56.054302 STATUS: 0x4E08  READY=false  MOVE=false  INPOS=true
15:29:56.106127 TX slave=1 fc=0x03  01 03 00 7F 00 01 B5 D2
15:29:56.125132 RX 7 bytes  01 03 02 4E 08 8C 22
15:29:56.126758 STATUS: 0x4E08  READY=false  MOVE=false  INPOS=true
15:29:56.126758 TX slave=1 fc=0x03  01 03 00 80 00 02 C5 E3
15:29:56.146069 RX 9 bytes  01 03 04 00 00 00 00 FA 33
15:29:56.149137 TX slave=1 fc=0x03  01 03 00 7F 00 01 B5 D2
15:29:56.166726 RX 7 bytes  01 03 02 4E 08 8C 22
15:29:56.168189 POLL STATUS: 0x4E08  READY=false  MOVE=false  INPOS=true
15:29:56.177306 TX slave=1 fc=0x03  01 03 00 7F 00 01 B5 D2
15:29:56.195193 RX 7 bytes  01 03 02 4E 08 8C 22
15:29:56.198434 STATUS: 0x4E08  READY=false  MOVE=false  INPOS=true
15:29:56.250295 TX slave=1 fc=0x03  01 03 00 7F 00 01 B5 D2
15:29:56.268554 RX 7 bytes  01 03 02 4E 08 8C 22
15:29:56.271317 STATUS: 0x4E08  READY=false  MOVE=false  INPOS=true
15:29:56.321749 TX slave=1 fc=0x03  01 03 00 7F 00 01 B5 D2
15:29:56.340081 RX 7 bytes  01 03 02 4E 08 8C 22
15:29:56.343239 STATUS: 0x4E08  READY=false  MOVE=false  INPOS=true
15:29:56.393455 TX slave=1 fc=0x03  01 03 00 7F 00 01 B5 D2
15:29:56.411398 RX 7 bytes  01 03 02 4E 08 8C 22
15:29:56.412954 STATUS: 0x4E08  READY=false  MOVE=false  INPOS=true
15:29:56.464148 TX slave=1 fc=0x03  01 03 00 7F 00 01 B5 D2
15:29:56.482296 RX 7 bytes  01 03 02 4E 08 8C 22
15:29:56.484199 STATUS: 0x4E08  READY=false  MOVE=false  INPOS=true
15:29:56.535117 TX slave=1 fc=0x03  01 03 00 7F 00 01 B5 D2
15:29:56.553091 RX 7 bytes  01 03 02 4E 08 8C 22
15:29:56.555922 STATUS: 0x4E08  READY=false  MOVE=false  INPOS=true
15:29:56.606575 TX slave=1 fc=0x03  01 03 00 7F 00 01 B5 D2
15:29:56.624052 RX 7 bytes  01 03 02 4E 08 8C 22
15:29:56.626320 STATUS: 0x4E08  READY=false  MOVE=false  INPOS=true
15:29:56.626320 TX slave=1 fc=0x03  01 03 00 80 00 02 C5 E3
15:29:56.645085 RX 9 bytes  01 03 04 00 00 00 00 FA 33
15:29:56.648323 TX slave=1 fc=0x03  01 03 00 7F 00 01 B5 D2
15:29:56.666420 RX 7 bytes  01 03 02 4E 08 8C 22
15:29:56.668851 POLL STATUS: 0x4E08  READY=false  MOVE=false  INPOS=true
15:29:56.676918 TX slave=1 fc=0x03  01 03 00 7F 00 01 B5 D2
15:29:56.694411 RX 7 bytes  01 03 02 4E 08 8C 22
15:29:56.696028 STATUS: 0x4E08  READY=false  MOVE=false  INPOS=true
15:29:56.747261 TX slave=1 fc=0x03  01 03 00 7F 00 01 B5 D2
15:29:56.765269 RX 7 bytes  01 03 02 4E 08 8C 22
15:29:56.766668 STATUS: 0x4E08  READY=false  MOVE=false  INPOS=true
15:29:56.818094 TX slave=1 fc=0x03  01 03 00 7F 00 01 B5 D2
15:29:56.836305 RX 7 bytes  01 03 02 4E 08 8C 22
15:29:56.839559 STATUS: 0x4E08  READY=false  MOVE=false  INPOS=true
15:29:56.891014 TX slave=1 fc=0x03  01 03 00 7F 00 01 B5 D2
15:29:56.908430 RX 7 bytes  01 03 02 4E 08 8C 22
15:29:56.910587 STATUS: 0x4E08  READY=false  MOVE=false  INPOS=true
15:29:57.115339 TX slave=1 fc=0x03  01 03 00 80 00 02 C5 E3
15:29:57.134476 RX 9 bytes  01 03 04 00 00 00 00 FA 33
15:29:57.135868 TX slave=1 fc=0x03  01 03 00 7F 00 01 B5 D2
15:29:57.153702 RX 7 bytes  01 03 02 4E 08 8C 22
15:29:57.156206 POLL STATUS: 0x4E08  READY=false  MOVE=false  INPOS=true
15:29:57.615935 TX slave=1 fc=0x03  01 03 00 80 00 02 C5 E3
15:29:57.635129 RX 9 bytes  01 03 04 00 00 00 00 FA 33
15:29:57.637809 TX slave=1 fc=0x03  01 03 00 7F 00 01 B5 D2
15:29:57.655579 RX 7 bytes  01 03 02 4E 08 8C 22
15:29:57.656584 POLL STATUS: 0x4E08  READY=false  MOVE=false  INPOS=true
15:29:58.114548 TX slave=1 fc=0x03  01 03 00 80 00 02 C5 E3
15:29:58.134207 RX 9 bytes  01 03 04 00 00 00 00 FA 33
15:29:58.137005 TX slave=1 fc=0x03  01 03 00 7F 00 01 B5 D2
15:29:58.155388 RX 7 bytes  01 03 02 4E 08 8C 22
15:29:58.157308 POLL STATUS: 0x4E08  READY=false  MOVE=false  INPOS=true
15:29:58.615974 TX slave=1 fc=0x03  01 03 00 80 00 02 C5 E3
15:29:58.634931 RX 9 bytes  01 03 04 00 00 00 00 FA 33
15:29:58.636503 TX slave=1 fc=0x03  01 03 00 7F 00 01 B5 D2
15:29:58.654017 RX 7 bytes  01 03 02 4E 08 8C 22
15:29:58.655962 POLL STATUS: 0x4E08  READY=false  MOVE=false  INPOS=true
15:29:59.114315 TX slave=1 fc=0x03  01 03 00 80 00 02 C5 E3
15:29:59.132975 RX 9 bytes  01 03 04 00 00 00 00 FA 33
15:29:59.134794 TX slave=1 fc=0x03  01 03 00 7F 00 01 B5 D2
15:29:59.152680 RX 7 bytes  01 03 02 4E 08 8C 22
15:29:59.154200 POLL STATUS: 0x4E08  READY=false  MOVE=false  INPOS=true
15:29:59.486935 TX slave=1 fc=0x03  01 03 00 7F 00 01 B5 D2
15:29:59.504895 RX 7 bytes  01 03 02 4E 08 8C 22
15:29:59.507703 STATUS: 0x4E08  READY=false  MOVE=false  INPOS=true
15:29:59.559124 TX slave=1 fc=0x03  01 03 00 7F 00 01 B5 D2
15:29:59.576587 RX 7 bytes  01 03 02 4E 08 8C 22
15:29:59.577659 STATUS: 0x4E08  READY=false  MOVE=false  INPOS=true
15:29:59.615169 TX slave=1 fc=0x03  01 03 00 80 00 02 C5 E3
15:29:59.634440 RX 9 bytes  01 03 04 00 00 00 00 FA 33
15:29:59.636122 TX slave=1 fc=0x03  01 03 00 7F 00 01 B5 D2
15:29:59.653899 RX 7 bytes  01 03 02 4E 08 8C 22
15:29:59.656035 POLL STATUS: 0x4E08  READY=false  MOVE=false  INPOS=true
15:29:59.656035 TX slave=1 fc=0x03  01 03 00 7F 00 01 B5 D2
15:29:59.673363 RX 7 bytes  01 03 02 4E 08 8C 22
15:29:59.676748 STATUS: 0x4E08  READY=false  MOVE=false  INPOS=true
15:29:59.727423 TX slave=1 fc=0x03  01 03 00 7F 00 01 B5 D2
15:29:59.745604 RX 7 bytes  01 03 02 4E 08 8C 22
15:29:59.747183 STATUS: 0x4E08  READY=false  MOVE=false  INPOS=true
15:29:59.797910 TX slave=1 fc=0x03  01 03 00 7F 00 01 B5 D2
15:29:59.814979 RX 7 bytes  01 03 02 4E 08 8C 22
15:29:59.818670 STATUS: 0x4E08  READY=false  MOVE=false  INPOS=true
15:29:59.870393 TX slave=1 fc=0x03  01 03 00 7F 00 01 B5 D2
15:29:59.887825 RX 7 bytes  01 03 02 4E 08 8C 22
15:29:59.889860 STATUS: 0x4E08  READY=false  MOVE=false  INPOS=true
15:29:59.940954 TX slave=1 fc=0x03  01 03 00 7F 00 01 B5 D2
15:29:59.958368 RX 7 bytes  01 03 02 4E 08 8C 22
15:29:59.961451 STATUS: 0x4E08  READY=false  MOVE=false  INPOS=true
15:30:00.011768 TX slave=1 fc=0x03  01 03 00 7F 00 01 B5 D2
15:30:00.029494 RX 7 bytes  01 03 02 4E 08 8C 22
15:30:00.032586 STATUS: 0x4E08  READY=false  MOVE=false  INPOS=true
15:30:00.084024 TX slave=1 fc=0x03  01 03 00 7F 00 01 B5 D2
15:30:00.101877 RX 7 bytes  01 03 02 4E 08 8C 22
15:30:00.104715 STATUS: 0x4E08  READY=false  MOVE=false  INPOS=true
15:30:00.114545 TX slave=1 fc=0x03  01 03 00 80 00 02 C5 E3
15:30:00.133713 RX 9 bytes  01 03 04 00 00 00 00 FA 33
15:30:00.136242 TX slave=1 fc=0x03  01 03 00 7F 00 01 B5 D2
15:30:00.154273 RX 7 bytes  01 03 02 4E 08 8C 22
15:30:00.156634 POLL STATUS: 0x4E08  READY=false  MOVE=false  INPOS=true
15:30:00.156634 TX slave=1 fc=0x03  01 03 00 7F 00 01 B5 D2
15:30:00.174117 RX 7 bytes  01 03 02 4E 08 8C 22
15:30:00.176374 STATUS: 0x4E08  READY=false  MOVE=false  INPOS=true
15:30:00.226568 TX slave=1 fc=0x03  01 03 00 7F 00 01 B5 D2
15:30:00.244334 RX 7 bytes  01 03 02 4E 08 8C 22
15:30:00.247072 STATUS: 0x4E08  READY=false  MOVE=false  INPOS=true
15:30:00.297757 TX slave=1 fc=0x03  01 03 00 7F 00 01 B5 D2
15:30:00.315142 RX 7 bytes  01 03 02 4E 08 8C 22
15:30:00.318883 STATUS: 0x4E08  READY=false  MOVE=false  INPOS=true
15:30:00.369772 TX slave=1 fc=0x03  01 03 00 7F 00 01 B5 D2
15:30:00.387860 RX 7 bytes  01 03 02 4E 08 8C 22
15:30:00.390588 STATUS: 0x4E08  READY=false  MOVE=false  INPOS=true
15:30:00.441541 TX slave=1 fc=0x03  01 03 00 7F 00 01 B5 D2
15:30:00.459642 RX 7 bytes  01 03 02 4E 08 8C 22
15:30:00.462771 STATUS: 0x4E08  READY=false  MOVE=false  INPOS=true
15:30:00.514944 TX slave=1 fc=0x03  01 03 00 7F 00 01 B5 D2
15:30:00.532802 RX 7 bytes  01 03 02 4E 08 8C 22
15:30:00.534530 STATUS: 0x4E08  READY=false  MOVE=false  INPOS=true
15:30:00.586322 TX slave=1 fc=0x03  01 03 00 7F 00 01 B5 D2
15:30:00.604330 RX 7 bytes  01 03 02 4E 08 8C 22
15:30:00.606084 STATUS: 0x4E08  READY=false  MOVE=false  INPOS=true
15:30:00.615880 TX slave=1 fc=0x03  01 03 00 80 00 02 C5 E3
15:30:00.634508 RX 9 bytes  01 03 04 00 00 00 00 FA 33
15:30:00.637588 TX slave=1 fc=0x03  01 03 00 7F 00 01 B5 D2
15:30:00.655072 RX 7 bytes  01 03 02 4E 08 8C 22
15:30:00.657345 POLL STATUS: 0x4E08  READY=false  MOVE=false  INPOS=true
15:30:00.657345 TX slave=1 fc=0x03  01 03 00 7F 00 01 B5 D2
15:30:00.675605 RX 7 bytes  01 03 02 4E 08 8C 22
15:30:00.677418 STATUS: 0x4E08  READY=false  MOVE=false  INPOS=true
15:30:00.729174 TX slave=1 fc=0x03  01 03 00 7F 00 01 B5 D2
15:30:00.747277 RX 7 bytes  01 03 02 4E 08 8C 22
15:30:00.749110 STATUS: 0x4E08  READY=false  MOVE=false  INPOS=true
15:30:00.801010 TX slave=1 fc=0x03  01 03 00 7F 00 01 B5 D2
15:30:00.818209 RX 7 bytes  01 03 02 4E 08 8C 22
15:30:00.820665 STATUS: 0x4E08  READY=false  MOVE=false  INPOS=true
15:30:00.871268 TX slave=1 fc=0x03  01 03 00 7F 00 01 B5 D2
15:30:00.888977 RX 7 bytes  01 03 02 4E 08 8C 22
15:30:00.891412 STATUS: 0x4E08  READY=false  MOVE=false  INPOS=true
15:30:00.942346 TX slave=1 fc=0x03  01 03 00 7F 00 01 B5 D2
15:30:00.959548 RX 7 bytes  01 03 02 4E 08 8C 22
15:30:00.963372 STATUS: 0x4E08  READY=false  MOVE=false  INPOS=true
15:30:01.014032 TX slave=1 fc=0x03  01 03 00 7F 00 01 B5 D2
15:30:01.032008 RX 7 bytes  01 03 02 4E 08 8C 22
15:30:01.033450 STATUS: 0x4E08  READY=false  MOVE=false  INPOS=true
15:30:01.085389 TX slave=1 fc=0x03  01 03 00 7F 00 01 B5 D2
15:30:01.103627 RX 7 bytes  01 03 02 4E 08 8C 22
15:30:01.106994 STATUS: 0x4E08  READY=false  MOVE=false  INPOS=true
15:30:01.115194 TX slave=1 fc=0x03  01 03 00 80 00 02 C5 E3
15:30:01.133332 RX 9 bytes  01 03 04 00 00 00 00 FA 33
15:30:01.136293 TX slave=1 fc=0x03  01 03 00 7F 00 01 B5 D2
15:30:01.153804 RX 7 bytes  01 03 02 4E 08 8C 22
15:30:01.156231 POLL STATUS: 0x4E08  READY=false  MOVE=false  INPOS=true
15:30:01.157872 TX slave=1 fc=0x03  01 03 00 7F 00 01 B5 D2
15:30:01.175761 RX 7 bytes  01 03 02 4E 08 8C 22
15:30:01.178609 STATUS: 0x4E08  READY=false  MOVE=false  INPOS=true
15:30:01.229792 TX slave=1 fc=0x03  01 03 00 7F 00 01 B5 D2
15:30:01.247494 RX 7 bytes  01 03 02 4E 08 8C 22
15:30:01.249002 STATUS: 0x4E08  READY=false  MOVE=false  INPOS=true
15:30:01.300007 TX slave=1 fc=0x03  01 03 00 7F 00 01 B5 D2
15:30:01.317924 RX 7 bytes  01 03 02 4E 08 8C 22
15:30:01.320955 STATUS: 0x4E08  READY=false  MOVE=false  INPOS=true
15:30:01.372912 TX slave=1 fc=0x03  01 03 00 7F 00 01 B5 D2
15:30:01.390971 RX 7 bytes  01 03 02 4E 08 8C 22
15:30:01.393316 STATUS: 0x4E08  READY=false  MOVE=false  INPOS=true
15:30:01.444737 TX slave=1 fc=0x03  01 03 00 7F 00 01 B5 D2
15:30:01.461874 RX 7 bytes  01 03 02 4E 08 8C 22
15:30:01.464045 STATUS: 0x4E08  READY=false  MOVE=false  INPOS=true
15:30:01.515290 TX slave=1 fc=0x03  01 03 00 7F 00 01 B5 D2
15:30:01.533531 RX 7 bytes  01 03 02 4E 08 8C 22
15:30:01.535524 STATUS: 0x4E08  READY=false  MOVE=false  INPOS=true
15:30:01.586478 TX slave=1 fc=0x03  01 03 00 7F 00 01 B5 D2
15:30:01.603562 RX 7 bytes  01 03 02 4E 08 8C 22
15:30:01.606636 STATUS: 0x4E08  READY=false  MOVE=false  INPOS=true
15:30:01.614767 TX slave=1 fc=0x03  01 03 00 80 00 02 C5 E3
15:30:01.633833 RX 9 bytes  01 03 04 00 00 00 00 FA 33
15:30:01.637249 TX slave=1 fc=0x03  01 03 00 7F 00 01 B5 D2
15:30:01.654403 RX 7 bytes  01 03 02 4E 08 8C 22
15:30:01.656460 POLL STATUS: 0x4E08  READY=false  MOVE=false  INPOS=true
15:30:01.658124 TX slave=1 fc=0x03  01 03 00 7F 00 01 B5 D2
15:30:01.677312 RX 7 bytes  01 03 02 4E 08 8C 22
15:30:01.678827 STATUS: 0x4E08  READY=false  MOVE=false  INPOS=true
15:30:01.728891 TX slave=1 fc=0x03  01 03 00 7F 00 01 B5 D2
15:30:01.747073 RX 7 bytes  01 03 02 4E 08 8C 22
15:30:01.749424 STATUS: 0x4E08  READY=false  MOVE=false  INPOS=true
15:30:01.800587 TX slave=1 fc=0x03  01 03 00 7F 00 01 B5 D2
15:30:01.817964 RX 7 bytes  01 03 02 4E 08 8C 22
15:30:01.819012 STATUS: 0x4E08  READY=false  MOVE=false  INPOS=true
15:30:01.870957 TX slave=1 fc=0x03  01 03 00 7F 00 01 B5 D2
15:30:01.889082 RX 7 bytes  01 03 02 4E 08 8C 22
15:30:01.890724 STATUS: 0x4E08  READY=false  MOVE=false  INPOS=true
15:30:01.941479 TX slave=1 fc=0x03  01 03 00 7F 00 01 B5 D2
15:30:01.960067 RX 7 bytes  01 03 02 4E 08 8C 22
15:30:01.962197 STATUS: 0x4E08  READY=false  MOVE=false  INPOS=true
15:30:02.012660 TX slave=1 fc=0x03  01 03 00 7F 00 01 B5 D2
15:30:02.030737 RX 7 bytes  01 03 02 4E 08 8C 22
15:30:02.033364 STATUS: 0x4E08  READY=false  MOVE=false  INPOS=true
15:30:02.084404 TX slave=1 fc=0x03  01 03 00 7F 00 01 B5 D2
15:30:02.102463 RX 7 bytes  01 03 02 4E 08 8C 22
15:30:02.104062 STATUS: 0x4E08  READY=false  MOVE=false  INPOS=true
15:30:02.114193 TX slave=1 fc=0x03  01 03 00 80 00 02 C5 E3
15:30:02.132801 RX 9 bytes  01 03 04 00 00 00 00 FA 33
15:30:02.135356 TX slave=1 fc=0x03  01 03 00 7F 00 01 B5 D2
15:30:02.152564 RX 7 bytes  01 03 02 4E 08 8C 22
15:30:02.156556 POLL STATUS: 0x4E08  READY=false  MOVE=false  INPOS=true
15:30:02.156556 TX slave=1 fc=0x03  01 03 00 7F 00 01 B5 D2
15:30:02.173671 RX 7 bytes  01 03 02 4E 08 8C 22
15:30:02.175704 STATUS: 0x4E08  READY=false  MOVE=false  INPOS=true
15:30:02.226139 TX slave=1 fc=0x03  01 03 00 7F 00 01 B5 D2
15:30:02.243602 RX 7 bytes  01 03 02 4E 08 8C 22
15:30:02.245975 STATUS: 0x4E08  READY=false  MOVE=false  INPOS=true
15:30:02.296731 TX slave=1 fc=0x03  01 03 00 7F 00 01 B5 D2
15:30:02.314478 RX 7 bytes  01 03 02 4E 08 8C 22
15:30:02.317354 STATUS: 0x4E08  READY=false  MOVE=false  INPOS=true
15:30:02.614324 TX slave=1 fc=0x03  01 03 00 80 00 02 C5 E3
15:30:02.633199 RX 9 bytes  01 03 04 00 00 00 00 FA 33
15:30:02.636866 TX slave=1 fc=0x03  01 03 00 7F 00 01 B5 D2
15:30:02.654414 RX 7 bytes  01 03 02 4E 08 8C 22
15:30:02.657738 POLL STATUS: 0x4E08  READY=false  MOVE=false  INPOS=true
15:30:03.114198 TX slave=1 fc=0x03  01 03 00 80 00 02 C5 E3
15:30:03.133200 RX 9 bytes  01 03 04 00 00 00 00 FA 33
15:30:03.135666 TX slave=1 fc=0x03  01 03 00 7F 00 01 B5 D2
15:30:03.153360 RX 7 bytes  01 03 02 4E 08 8C 22
15:30:03.154394 POLL STATUS: 0x4E08  READY=false  MOVE=false  INPOS=true
15:30:03.614534 TX slave=1 fc=0x03  01 03 00 80 00 02 C5 E3
15:30:03.633286 RX 9 bytes  01 03 04 00 00 00 00 FA 33
15:30:03.634424 TX slave=1 fc=0x03  01 03 00 7F 00 01 B5 D2
15:30:03.652358 RX 7 bytes  01 03 02 4E 08 8C 22
15:30:03.654485 POLL STATUS: 0x4E08  READY=false  MOVE=false  INPOS=true
15:30:04.114433 TX slave=1 fc=0x03  01 03 00 80 00 02 C5 E3
15:30:04.134887 RX 9 bytes  01 03 04 00 00 00 00 FA 33
15:30:04.137063 TX slave=1 fc=0x03  01 03 00 7F 00 01 B5 D2
15:30:04.154237 RX 7 bytes  01 03 02 4E 08 8C 22
15:30:04.155298 POLL STATUS: 0x4E08  READY=false  MOVE=false  INPOS=true
15:30:04.614239 TX slave=1 fc=0x03  01 03 00 80 00 02 C5 E3
15:30:04.632829 RX 9 bytes  01 03 04 00 00 00 00 FA 33
15:30:04.634414 TX slave=1 fc=0x03  01 03 00 7F 00 01 B5 D2
15:30:04.652314 RX 7 bytes  01 03 02 4E 08 8C 22
15:30:04.654710 POLL STATUS: 0x4E08  READY=false  MOVE=false  INPOS=true
15:30:05.114715 TX slave=1 fc=0x03  01 03 00 80 00 02 C5 E3
15:30:05.133661 RX 9 bytes  01 03 04 00 00 00 00 FA 33
15:30:05.136715 TX slave=1 fc=0x03  01 03 00 7F 00 01 B5 D2
15:30:05.154209 RX 7 bytes  01 03 02 4E 08 8C 22
15:30:05.156851 POLL STATUS: 0x4E08  READY=false  MOVE=false  INPOS=true
15:30:05.615803 TX slave=1 fc=0x03  01 03 00 80 00 02 C5 E3
15:30:05.635193 RX 9 bytes  01 03 04 00 00 00 00 FA 33
15:30:05.637297 TX slave=1 fc=0x03  01 03 00 7F 00 01 B5 D2
15:30:05.654766 RX 7 bytes  01 03 02 4E 08 8C 22
15:30:05.658125 POLL STATUS: 0x4E08  READY=false  MOVE=false  INPOS=true
15:30:06.115540 TX slave=1 fc=0x03  01 03 00 80 00 02 C5 E3
15:30:06.134698 RX 9 bytes  01 03 04 00 00 00 00 FA 33
15:30:06.136773 TX slave=1 fc=0x03  01 03 00 7F 00 01 B5 D2
15:30:06.153853 RX 7 bytes  01 03 02 4E 08 8C 22
15:30:06.156355 POLL STATUS: 0x4E08  READY=false  MOVE=false  INPOS=true
15:30:06.615971 TX slave=1 fc=0x03  01 03 00 80 00 02 C5 E3
15:30:06.635703 RX 9 bytes  01 03 04 00 00 00 00 FA 33
15:30:06.637733 TX slave=1 fc=0x03  01 03 00 7F 00 01 B5 D2
15:30:06.655886 RX 7 bytes  01 03 02 4E 08 8C 22
15:30:06.658768 POLL STATUS: 0x4E08  READY=false  MOVE=false  INPOS=true
15:30:07.114275 TX slave=1 fc=0x03  01 03 00 80 00 02 C5 E3
15:30:07.133272 RX 9 bytes  01 03 04 00 00 00 00 FA 33
15:30:07.135701 TX slave=1 fc=0x03  01 03 00 7F 00 01 B5 D2
15:30:07.153648 RX 7 bytes  01 03 02 4E 08 8C 22
15:30:07.155346 POLL STATUS: 0x4E08  READY=false  MOVE=false  INPOS=true
15:30:07.614574 TX slave=1 fc=0x03  01 03 00 80 00 02 C5 E3
15:30:07.633315 RX 9 bytes  01 03 04 00 00 00 00 FA 33
15:30:07.635393 TX slave=1 fc=0x03  01 03 00 7F 00 01 B5 D2
15:30:07.652930 RX 7 bytes  01 03 02 4E 08 8C 22
15:30:07.654926 POLL STATUS: 0x4E08  READY=false  MOVE=false  INPOS=true
15:30:08.114931 TX slave=1 fc=0x03  01 03 00 80 00 02 C5 E3
15:30:08.133718 RX 9 bytes  01 03 04 00 00 00 00 FA 33
15:30:08.135289 TX slave=1 fc=0x03  01 03 00 7F 00 01 B5 D2
15:30:08.153623 RX 7 bytes  01 03 02 4E 08 8C 22
15:30:08.155959 POLL STATUS: 0x4E08  READY=false  MOVE=false  INPOS=true
15:30:08.615803 TX slave=1 fc=0x03  01 03 00 80 00 02 C5 E3
15:30:08.634634 RX 9 bytes  01 03 04 00 00 00 00 FA 33
15:30:08.637531 TX slave=1 fc=0x03  01 03 00 7F 00 01 B5 D2
15:30:08.655410 RX 7 bytes  01 03 02 4E 08 8C 22
15:30:08.656994 POLL STATUS: 0x4E08  READY=false  MOVE=false  INPOS=true
15:30:09.115364 TX slave=1 fc=0x03  01 03 00 80 00 02 C5 E3
15:30:09.134498 RX 9 bytes  01 03 04 00 00 00 00 FA 33
15:30:09.136056 TX slave=1 fc=0x03  01 03 00 7F 00 01 B5 D2
15:30:09.154038 RX 7 bytes  01 03 02 4E 08 8C 22
15:30:09.156203 POLL STATUS: 0x4E08  READY=false  MOVE=false  INPOS=true
15:30:09.614144 TX slave=1 fc=0x03  01 03 00 80 00 02 C5 E3
15:30:09.632830 RX 9 bytes  01 03 04 00 00 00 00 FA 33
15:30:09.635208 TX slave=1 fc=0x03  01 03 00 7F 00 01 B5 D2
15:30:09.652667 RX 7 bytes  01 03 02 4E 08 8C 22
15:30:09.654937 POLL STATUS: 0x4E08  READY=false  MOVE=false  INPOS=true
15:30:10.115170 TX slave=1 fc=0x03  01 03 00 80 00 02 C5 E3
15:30:10.133870 RX 9 bytes  01 03 04 00 00 00 00 FA 33
15:30:10.136237 TX slave=1 fc=0x03  01 03 00 7F 00 01 B5 D2
15:30:10.153708 RX 7 bytes  01 03 02 4E 08 8C 22
15:30:10.155689 POLL STATUS: 0x4E08  READY=false  MOVE=false  INPOS=true
15:30:10.614586 TX slave=1 fc=0x03  01 03 00 80 00 02 C5 E3
15:30:10.633764 RX 9 bytes  01 03 04 00 00 00 00 FA 33
15:30:10.635563 TX slave=1 fc=0x03  01 03 00 7F 00 01 B5 D2
15:30:10.652989 RX 7 bytes  01 03 02 4E 08 8C 22
15:30:10.656073 POLL STATUS: 0x4E08  READY=false  MOVE=false  INPOS=true
15:30:11.114023 TX slave=1 fc=0x03  01 03 00 80 00 02 C5 E3
15:30:11.133057 RX 9 bytes  01 03 04 00 00 00 00 FA 33
15:30:11.134742 TX slave=1 fc=0x03  01 03 00 7F 00 01 B5 D2
15:30:11.152498 RX 7 bytes  01 03 02 4E 08 8C 22
15:30:11.155302 POLL STATUS: 0x4E08  READY=false  MOVE=false  INPOS=true
15:30:11.614199 TX slave=1 fc=0x03  01 03 00 80 00 02 C5 E3
15:30:11.633152 RX 9 bytes  01 03 04 00 00 00 00 FA 33
15:30:11.635540 TX slave=1 fc=0x03  01 03 00 7F 00 01 B5 D2
15:30:11.653352 RX 7 bytes  01 03 02 4E 08 8C 22
15:30:11.656430 POLL STATUS: 0x4E08  READY=false  MOVE=false  INPOS=true
15:30:12.114850 TX slave=1 fc=0x03  01 03 00 80 00 02 C5 E3
15:30:12.133508 RX 9 bytes  01 03 04 00 00 00 00 FA 33
15:30:12.135748 TX slave=1 fc=0x03  01 03 00 7F 00 01 B5 D2
15:30:12.153772 RX 7 bytes  01 03 02 4E 08 8C 22
15:30:12.155334 POLL STATUS: 0x4E08  READY=false  MOVE=false  INPOS=true
15:30:12.614662 TX slave=1 fc=0x03  01 03 00 80 00 02 C5 E3
15:30:12.633150 RX 9 bytes  01 03 04 00 00 00 00 FA 33
15:30:12.636056 TX slave=1 fc=0x03  01 03 00 7F 00 01 B5 D2
15:30:12.653996 RX 7 bytes  01 03 02 4E 08 8C 22
15:30:12.655507 POLL STATUS: 0x4E08  READY=false  MOVE=false  INPOS=true
15:30:13.115318 TX slave=1 fc=0x03  01 03 00 80 00 02 C5 E3
15:30:13.134144 RX 9 bytes  01 03 04 00 00 00 00 FA 33
15:30:13.135896 TX slave=1 fc=0x03  01 03 00 7F 00 01 B5 D2
15:30:13.153420 RX 7 bytes  01 03 02 4E 08 8C 22
15:30:13.155676 POLL STATUS: 0x4E08  READY=false  MOVE=false  INPOS=true
15:30:13.614677 TX slave=1 fc=0x03  01 03 00 80 00 02 C5 E3
15:30:13.633567 RX 9 bytes  01 03 04 00 00 00 00 FA 33
15:30:13.634978 TX slave=1 fc=0x03  01 03 00 7F 00 01 B5 D2
15:30:13.653087 RX 7 bytes  01 03 02 4E 08 8C 22
15:30:13.655862 POLL STATUS: 0x4E08  READY=false  MOVE=false  INPOS=true
15:30:14.115747 TX slave=1 fc=0x03  01 03 00 80 00 02 C5 E3
15:30:14.134794 RX 9 bytes  01 03 04 00 00 00 00 FA 33
15:30:14.137010 TX slave=1 fc=0x03  01 03 00 7F 00 01 B5 D2
15:30:14.154313 RX 7 bytes  01 03 02 4E 08 8C 22
15:30:14.155374 POLL STATUS: 0x4E08  READY=false  MOVE=false  INPOS=true
15:30:14.615171 TX slave=1 fc=0x03  01 03 00 80 00 02 C5 E3
15:30:14.633992 RX 9 bytes  01 03 04 00 00 00 00 FA 33
15:30:14.635586 TX slave=1 fc=0x03  01 03 00 7F 00 01 B5 D2
15:30:14.652890 RX 7 bytes  01 03 02 4E 08 8C 22
15:30:14.655762 POLL STATUS: 0x4E08  READY=false  MOVE=false  INPOS=true
15:30:15.114924 TX slave=1 fc=0x03  01 03 00 80 00 02 C5 E3
15:30:15.133821 RX 9 bytes  01 03 04 00 00 00 00 FA 33
15:30:15.137298 TX slave=1 fc=0x03  01 03 00 7F 00 01 B5 D2
15:30:15.154749 RX 7 bytes  01 03 02 4E 08 8C 22
15:30:15.158956 POLL STATUS: 0x4E08  READY=false  MOVE=false  INPOS=true
15:30:15.614093 TX slave=1 fc=0x03  01 03 00 80 00 02 C5 E3
15:30:15.633405 RX 9 bytes  01 03 04 00 00 00 00 FA 33
15:30:15.635361 TX slave=1 fc=0x03  01 03 00 7F 00 01 B5 D2
15:30:15.652531 RX 7 bytes  01 03 02 4E 08 8C 22
15:30:15.655380 POLL STATUS: 0x4E08  READY=false  MOVE=false  INPOS=true
15:30:16.114565 TX slave=1 fc=0x03  01 03 00 80 00 02 C5 E3
15:30:16.133195 RX 9 bytes  01 03 04 00 00 00 00 FA 33
15:30:16.135637 TX slave=1 fc=0x03  01 03 00 7F 00 01 B5 D2
15:30:16.153126 RX 7 bytes  01 03 02 4E 08 8C 22
15:30:16.155403 POLL STATUS: 0x4E08  READY=false  MOVE=false  INPOS=true
15:30:16.614816 TX slave=1 fc=0x03  01 03 00 80 00 02 C5 E3
15:30:16.634251 RX 9 bytes  01 03 04 00 00 00 00 FA 33
15:30:16.637068 TX slave=1 fc=0x03  01 03 00 7F 00 01 B5 D2
15:30:16.654752 RX 7 bytes  01 03 02 4E 08 8C 22
15:30:16.656847 POLL STATUS: 0x4E08  READY=false  MOVE=false  INPOS=true
